// Jest Snapshot v1, https://goo.gl/fbAQLP

exports[`DraughtHeaderComponent should initialize the DraughtHeaderComponent 1`] = `
<draught-header
  authProvider={[Function Object]}
  isLoggedIn="undefined"
  navCtrl={[Function Object]}
  router={[Function Object]}
>
  <ion-toolbar
    color="primary"
    mode="ios"
  >
    <ion-buttons
      slot="start"
    >
      <ion-back-button />
    </ion-buttons>
    <ion-title>
      <span
        class="pointer"
      >
        Draught Picks
      </span>
    </ion-title>
    <ion-buttons
      slot="end"
    >
      
    </ion-buttons>
  </ion-toolbar>
</draught-header>
`;
