// Jest Snapshot v1, https://goo.gl/fbAQLP

exports[`TabsPage should initialize the TabsPage 1`] = `
<ng-component>
  <ion-tabs>
    <ion-tab-bar
      slot="bottom"
    >
      <ion-tab-button
        tab="search"
      >
        <ion-icon
          name="search"
        />
        <ion-label>
          Search
        </ion-label>
      </ion-tab-button>
      <ion-tab-button
        tab="home"
      >
        <ion-icon
          name="home"
        />
        <ion-label>
          Home
        </ion-label>
      </ion-tab-button>
      <ion-tab-button
        tab="beer-profile"
      >
        <ion-icon
          name="md-beer"
        />
        <ion-label>
          Beer Profile
        </ion-label>
      </ion-tab-button>
    </ion-tab-bar>
  </ion-tabs>
</ng-component>
`;
