// Jest Snapshot v1, https://goo.gl/fbAQLP

exports[`BeerItemComponent should initialize the BeerItemComponent and match snapshot 1`] = `
<beer-item
  navCtrl={[Function Object]}
>
  <div
    class="pointer"
  >
    <ion-row>
      <ion-col
        class="ion-text-left"
        size="9"
      >
        <h1>
          
        </h1>
      </ion-col>
      <ion-col
        class="ion-text-right"
        size="3"
      >
        
      </ion-col>
    </ion-row>
    <ion-row>
      <ion-col
        class="ion-text-left"
        size="9"
      >
        <p>
          Your rating:
        </p>
      </ion-col>
    </ion-row>
    <ion-row>
      <ion-col
        size="8"
      >
        <rating>
          <ion-row>
            <div />
            <div />
            <div />
            <div />
            <div />
          </ion-row>
        </rating>
      </ion-col>
      <ion-col
        class="ion-text-right"
        size="2"
      >
        
        
        <p>
          <strong>
            ABV
          </strong>
        </p>
      </ion-col>
      <ion-col
        class="ion-text-right"
        size="2"
      >
        
        
        <p>
          <strong>
            IBU
          </strong>
        </p>
      </ion-col>
    </ion-row>
    <hr />
  </div>
</beer-item>
`;
