// Jest Snapshot v1, https://goo.gl/fbAQLP

exports[`BeerDetailPage page init should initialize the BeerDetailPage using the extras state 1`] = `
<page-beer-detail
  beer={[Function Object]}
  beerProvider={[Function Object]}
  beerRating={[Function Object]}
  navCtrl={[Function Object]}
  ratingProvider={[Function Object]}
  route={[Function Object]}
  router={[Function Object]}
  toastProvider={[Function Object]}
>
  <ion-header>
    <draught-header />
  </ion-header><ion-content
    class="ion-padding"
  >
    <ion-row>
      <ion-col
        offsetlg="3"
        offsetmd="2"
        offsetsm="1"
        offsetxl="4"
        size="12"
        sizelg="6"
        sizemd="8"
        sizesm="10"
        sizexl="4"
      >
        <ion-row>
          <ion-col
            class="ion-text-center"
          >
            <h1>
              
            </h1>
          </ion-col>
        </ion-row>
        <ion-row>
          <ion-col
            class="ion-text-center"
            size="4"
          >
            <span
              class="sub-heading"
            >
               ABV 
            </span>
            <span
              class="sub-heading"
            >
              
              
            </span>
          </ion-col>
          <ion-col
            class="ion-text-center"
            size="4"
          >
            <span
              class="sub-heading"
            >
               IBU 
            </span>
            <span
              class="sub-heading"
            >
              
              
            </span>
          </ion-col>
          <ion-col
            class="ion-text-center"
            size="4"
          >
            <span
              class="sub-heading"
            >
               Match 
            </span>
            <span
              class="sub-heading"
            >
              
              
            </span>
          </ion-col>
        </ion-row>
        <ion-row>
          <ion-col
            class="ion-text-center"
            offsetmd="2"
            offsetsm="0"
            sizemd="9"
            sizesm="12"
          >
            <ion-button>
              I'm drinking this now!
            </ion-button>
          </ion-col>
        </ion-row>
        <ion-row>
          <ion-col
            offsetmd="2"
            offsetsm="0"
            sizemd="9"
            sizesm="12"
          >
            
            
          </ion-col>
        </ion-row>
        <ion-row>
          <ion-col
            offsetmd="2"
            offsetsm="2"
            sizemd="9"
            sizesm="12"
          >
            <rating>
              <ion-row>
                <div />
                <div />
                <div />
                <div />
                <div />
              </ion-row>
            </rating>
          </ion-col>
        </ion-row>
        <ion-row>
          <ion-col
            offsetmd="2"
            offsetsm="0"
            sizemd="9"
            sizesm="12"
          >
            <p>
              Description:
            </p>
            <br />
            <p>
              
            </p>
          </ion-col>
        </ion-row>
        <ion-row>
          <ion-col
            offsetmd="2"
            offsetsm="0"
            sizemd="9"
            sizesm="12"
          >
            <ion-item>
              <ion-label
                position="floating"
              >
                 Tell us what you like: 
              </ion-label>
              <ion-textarea
                rows="5"
              />
            </ion-item>
          </ion-col>
        </ion-row>
        <ion-row
          class="ion-text-center"
        >
          <ion-col
            offsetmd="2"
            offsetsm="0"
            sizemd="9"
            sizesm="12"
          >
            <ion-button>
              Submit
            </ion-button>
          </ion-col>
        </ion-row>
      </ion-col>
    </ion-row>
  </ion-content>
</page-beer-detail>
`;

exports[`BeerDetailPage page init should initialize the BeerDetailPage with the uuid only 1`] = `
<page-beer-detail
  beer={[Function Object]}
  beerProvider={[Function Object]}
  beerRating={[Function Object]}
  navCtrl={[Function Object]}
  ratingProvider={[Function Object]}
  route={[Function Object]}
  router={[Function Object]}
  toastProvider={[Function Object]}
>
  <ion-header>
    <draught-header />
  </ion-header><ion-content
    class="ion-padding"
  >
    <ion-row>
      <ion-col
        offsetlg="3"
        offsetmd="2"
        offsetsm="1"
        offsetxl="4"
        size="12"
        sizelg="6"
        sizemd="8"
        sizesm="10"
        sizexl="4"
      >
        <ion-row>
          <ion-col
            class="ion-text-center"
          >
            <h1>
              
            </h1>
          </ion-col>
        </ion-row>
        <ion-row>
          <ion-col
            class="ion-text-center"
            size="4"
          >
            <span
              class="sub-heading"
            >
               ABV 
            </span>
            <span
              class="sub-heading"
            >
              
              
            </span>
          </ion-col>
          <ion-col
            class="ion-text-center"
            size="4"
          >
            <span
              class="sub-heading"
            >
               IBU 
            </span>
            <span
              class="sub-heading"
            >
              
              
            </span>
          </ion-col>
          <ion-col
            class="ion-text-center"
            size="4"
          >
            <span
              class="sub-heading"
            >
               Match 
            </span>
            <span
              class="sub-heading"
            >
              
              
            </span>
          </ion-col>
        </ion-row>
        <ion-row>
          <ion-col
            class="ion-text-center"
            offsetmd="2"
            offsetsm="0"
            sizemd="9"
            sizesm="12"
          >
            <ion-button>
              I'm drinking this now!
            </ion-button>
          </ion-col>
        </ion-row>
        <ion-row>
          <ion-col
            offsetmd="2"
            offsetsm="0"
            sizemd="9"
            sizesm="12"
          >
            
            
          </ion-col>
        </ion-row>
        <ion-row>
          <ion-col
            offsetmd="2"
            offsetsm="2"
            sizemd="9"
            sizesm="12"
          >
            <rating>
              <ion-row>
                <div />
                <div />
                <div />
                <div />
                <div />
              </ion-row>
            </rating>
          </ion-col>
        </ion-row>
        <ion-row>
          <ion-col
            offsetmd="2"
            offsetsm="0"
            sizemd="9"
            sizesm="12"
          >
            <p>
              Description:
            </p>
            <br />
            <p>
              
            </p>
          </ion-col>
        </ion-row>
        <ion-row>
          <ion-col
            offsetmd="2"
            offsetsm="0"
            sizemd="9"
            sizesm="12"
          >
            <ion-item>
              <ion-label
                position="floating"
              >
                 Tell us what you like: 
              </ion-label>
              <ion-textarea
                rows="5"
              />
            </ion-item>
          </ion-col>
        </ion-row>
        <ion-row
          class="ion-text-center"
        >
          <ion-col
            offsetmd="2"
            offsetsm="0"
            sizemd="9"
            sizesm="12"
          >
            <ion-button>
              Submit
            </ion-button>
          </ion-col>
        </ion-row>
      </ion-col>
    </ion-row>
  </ion-content>
</page-beer-detail>
`;
