// Jest Snapshot v1, https://goo.gl/fbAQLP

exports[`EmailSentPage should match the snapshot 1`] = `
<page-email-sent
  navCtrl={[Function Object]}
>
  <ion-header>
    <draught-header />
  </ion-header><ion-content>
    <ion-row>
      <ion-col
        class="ion-text-center"
        offsetlg="3"
        offsetmd="2"
        offsetsm="1"
        offsetxl="4"
        size="12"
        sizelg="6"
        sizemd="8"
        sizesm="10"
        sizexl="4"
      >
        <h1>
          Email Sent
        </h1>
        <div
          class="justify"
        >
          <p
            class="margin"
          >
             An email has been sent to the address you provided. Please use the link in the email to confirm your ownership of the email address. 
          </p>
          <p
            class="margin"
          >
             The link in the email is good for 24 hours. 
          </p>
          <p
            class="margin"
          >
             If you have trouble confirming the email click 
            <a
              routerdirection="forward"
              routerlink="/send-email"
            >
              this link to resend it
            </a>
            . 
          </p>
        </div>
      </ion-col>
    </ion-row>
  </ion-content>
</page-email-sent>
`;
