// Jest Snapshot v1, https://goo.gl/fbAQLP

exports[`BeerFavoriteInfoPage should initialize the BeerFavoriteInfoPage 1`] = `
<page-go-to-beer-favorite-info>
  
  <draught-header />
  
  <ion-content>
    
    
    <ion-row>
      
      
      <ion-col
        class="below-header"
        col-12=""
        col-lg-6=""
        col-md-8=""
        col-sm-10=""
        col-xl-4=""
        offset-lg-3=""
        offset-md-2=""
        offset-sm-1=""
        offset-xl-4=""
        text-center=""
      >
        
        
        <h1>
          Description of Favorite Beer(s) Tips
        </h1>
        
  
        
        <p
          margin=""
          text-left=""
        >
           Please describe positive facts about your favorite beers rather than negative facts to get the best results!
        </p>
        
  
        
        <ion-row>
          
          
          <ion-col>
            
            
            <ion-row>
              
              
              <ion-col
                text-left=""
              >
                
                
                <p>
                  <b>
                    Good Example:
                  </b>
                  <br />
                </p>
                
                
                <p>
                  "I enjoy the taste of Bud Light and sour lagers."
                </p>
                
              
              </ion-col>
              
            
            </ion-row>
            
  
            
            <ion-row>
              
              
              <ion-col
                text-left=""
              >
                
                
                <p>
                  <b>
                    Bad Example:
                  </b>
                  <br />
                </p>
                
                
                <p>
                  "I do not like sweet and light beers. "
                </p>
                
              
              </ion-col>
              
            
            </ion-row>
            
          
          </ion-col>
          
        
        </ion-row>
        
        
        <br />
        
        
        <a
          class="backToPreferences"
          navpop=""
        >
          Back To Your Preferences
        </a>
        
      
      </ion-col>
      
    
    </ion-row>
    
  
  </ion-content>
  
</page-go-to-beer-favorite-info>
`;
