// Jest Snapshot v1, https://goo.gl/fbAQLP

exports[`HomePage should initialize the HomePage 1`] = `
<page-home
  beerProvider={[Function Object]}
  isRecentBeersSelected={[Function String]}
  loadMoreRecent={[Function Boolean]}
  loadMoreRecommended={[Function Boolean]}
  navCtrl={[Function Object]}
  processRecentBeers={[Function Function]}
  processRecommendedBeers={[Function Function]}
  recentOffset="0"
  recents={[Function Array]}
  recommended={[Function Array]}
  recommendedOffset="0"
>
  <ion-header>
    <draught-header />
  </ion-header><ion-content
    class="ion-padding"
  >
    <ion-row>
      <ion-col
        class="below-header"
        offsetlg="3"
        offsetmd="2"
        offsetsm="1"
        offsetxl="3"
        size="12"
        sizelg="6"
        sizemd="8"
        sizesm="10"
        sizexl="6"
      >
        <ion-segment
          color="primary"
        >
          <ion-segment-button
            tid="recentSegment"
            value="yes"
          >
             Recent 
          </ion-segment-button>
          <ion-segment-button
            checked=""
            tid="recommendedSegment"
            value="no"
          >
             Recommended 
          </ion-segment-button>
        </ion-segment>
        
        <div>
          
          
        </div>
      </ion-col>
    </ion-row>
  </ion-content>
</page-home>
`;
