// Jest Snapshot v1, https://goo.gl/fbAQLP

exports[`SearchPage should initialize the SearchPage 1`] = `
<page-search
  beerProvider={[Function Object]}
  beerSearch=""
  loadMore={[Function Boolean]}
  message={[Function String]}
  navCtrl={[Function Object]}
  offset="0"
  processData={[Function Function]}
>
  <ion-header>
    <draught-header />
  </ion-header><ion-content
    class="ion-padding"
  >
    <ion-row>
      <ion-col
        class="ion-text-center"
        offsetlg="3"
        offsetmd="3"
        offsetsm="1"
        offsetxl="4"
        size="12"
        sizelg="6"
        sizemd="6"
        sizesm="10"
        sizexl="4"
      >
        <h1
          class="ion-text-left"
        >
          What are you drinking?
        </h1>
        <ion-searchbar
          class="ion-text-left"
          placeholder="Search Beer By Name"
        />
        
        
      </ion-col>
    </ion-row>
  </ion-content>
</page-search>
`;
